// Vitest Snapshot v1

exports[`renders learn react link 1`] = `
.c0 {
  background: red;
}

<div
  class="c0"
>
  <h1>
    Hello
  </h1>
</div>
`;
